#-----------------------------------------------------------
# Vivado v2017.4 (64-bit)
# SW Build 2086221 on Fri Dec 15 20:55:39 MST 2017
# IP Build 2085800 on Fri Dec 15 22:25:07 MST 2017
# Start of session at: Tue Jan 19 09:44:26 2021
# Process ID: 3704
# Current directory: H:/Documents/travail/System-On-Chip/Rubi/Projet_SOC/Projet_SOC
# Command line: vivado.exe -gui_launcher_event rodinguilauncherevent14184 H:\Documents\travail\System-On-Chip\Rubi\Projet_SOC\Projet_SOC\Projet_SOC.xpr
# Log file: H:/Documents/travail/System-On-Chip/Rubi/Projet_SOC/Projet_SOC/vivado.log
# Journal file: H:/Documents/travail/System-On-Chip/Rubi/Projet_SOC/Projet_SOC\vivado.jou
#-----------------------------------------------------------
start_gui
open_project H:/Documents/travail/System-On-Chip/Rubi/Projet_SOC/Projet_SOC/Projet_SOC.xpr
update_compile_order -fileset sources_1
update_compile_order -fileset sources_1
close [ open H:/Documents/travail/System-On-Chip/Rubi/Projet_SOC/Projet_SOC/Projet_SOC.srcs/sources_1/new/select_timer.vhd w ]
add_files H:/Documents/travail/System-On-Chip/Rubi/Projet_SOC/Projet_SOC/Projet_SOC.srcs/sources_1/new/select_timer.vhd
update_compile_order -fileset sources_1
add_files -norecurse H:/Documents/travail/System-On-Chip/Rubi/Projet_SOC/Projet_SOC/Projet_SOC.srcs/sources_1/new/select_timer.vhd
add_files -norecurse H:/Documents/travail/System-On-Chip/Rubi/Projet_SOC/Projet_SOC/Projet_SOC.srcs/sources_1/new/select_timer.vhd
update_compile_order -fileset sources_1
update_compile_order -fileset sources_1
update_compile_order -fileset sources_1
update_compile_order -fileset sources_1
update_compile_order -fileset sources_1
